../Core/Src/main.c:91:7:floatToString	32	static
../Core/Src/main.c:102:7:floatToString3digit	24	static
../Core/Src/main.c:119:5:main	48	static
../Core/Src/main.c:241:6:SystemClock_Config	88	static
../Core/Src/main.c:288:13:MX_ADC1_Init	24	static
../Core/Src/main.c:340:13:MX_TIM4_Init	32	static
../Core/Src/main.c:385:13:MX_USART1_UART_Init	8	static
../Core/Src/main.c:418:13:MX_USART2_UART_Init	8	static
../Core/Src/main.c:451:13:MX_GPIO_Init	48	static
../Core/Src/main.c:521:6:usDelay	16	static
../Core/Src/main.c:538:6:Error_Handler	4	static,ignoring_inline_asm
